ALGORITHM AUDIT OK
  unrestricted routes: 10
  allowed routes after banning top: 7
  free winner: ['front', 'top', 'back'] 8.062257748
  restricted winner: ['front', 'bottom', 'back'] 11.704699911
  all valid paths cross hinges in the correct order
  folded lengths, rigid hinges, and face shape are preflight checked
[10/08/26 01:21:14] INFO     Caching disabled.              cairo_renderer.py:81
Animation 0: Rotate(VGroup of 2 submobjects):   0%|          | 0/20 [00:00<?, ?it/s]                                                                                                        INFO     Animation 0 : Partial      scene_file_writer.py:192
                             movie file written in                              
                             '/home/runner/work/Kho-Cod                         
                             e-Manim/Kho-Code-Manim/med                         
                             ia_smoke/videos/480p15/par                         
                             tial_movie_files/Smoke20/u                         
                             ncached_00000.mp4'                                 
                    INFO     Caching disabled.              cairo_renderer.py:81
Animation 1: Rotate(VGroup of 3 submobjects):   0%|          | 0/20 [00:00<?, ?it/s]                                                                                                        INFO     Animation 1 : Partial      scene_file_writer.py:192
                             movie file written in                              
                             '/home/runner/work/Kho-Cod                         
                             e-Manim/Kho-Code-Manim/med                         
                             ia_smoke/videos/480p15/par                         
                             tial_movie_files/Smoke20/u                         
                             ncached_00001.mp4'                                 
                    INFO     Caching disabled.              cairo_renderer.py:81
                    INFO     Animation 2 : Partial      scene_file_writer.py:192
                             movie file written in                              
                             '/home/runner/work/Kho-Cod                         
                             e-Manim/Kho-Code-Manim/med                         
                             ia_smoke/videos/480p15/par                         
                             tial_movie_files/Smoke20/u                         
                             ncached_00002.mp4'                                 
                    INFO     Combining to Movie file.   scene_file_writer.py:952
                    INFO                               scene_file_writer.py:1103
                             File ready at                                      
                             '/home/runner/work/Kho-Co                          
                             de-Manim/Kho-Code-Manim/m                          
                             edia_smoke/videos/480p15/                          
                             trai_phang_20_master_smok                          
                             e.mp4'                                             
                                                                                
                    INFO     Rendered Smoke20                       scene.py:290
                             Played 3 animations                                
